------------------------------------------------------------
Timing Analyzer Summary
------------------------------------------------------------

Type  : Slow 1200mV 85C Model Setup 'CLOCK_50'
Slack : -19.520
TNS   : -1008.435

Type  : Slow 1200mV 85C Model Setup 'Cpu:Cpu|CpuNoUc:CPUnoUC|PC:Pc|registrador:PC|output[0]'
Slack : -12.452
TNS   : -96.303

Type  : Slow 1200mV 85C Model Hold 'Cpu:Cpu|CpuNoUc:CPUnoUC|PC:Pc|registrador:PC|output[0]'
Slack : 0.241
TNS   : 0.000

Type  : Slow 1200mV 85C Model Hold 'CLOCK_50'
Slack : 0.405
TNS   : 0.000

Type  : Slow 1200mV 85C Model Recovery 'KEY[1]'
Slack : -7.602
TNS   : -7.602

Type  : Slow 1200mV 85C Model Recovery 'KEY[0]'
Slack : -7.434
TNS   : -7.434

Type  : Slow 1200mV 85C Model Recovery 'SW[14]'
Slack : -6.796
TNS   : -6.796

Type  : Slow 1200mV 85C Model Removal 'SW[14]'
Slack : 1.034
TNS   : 0.000

Type  : Slow 1200mV 85C Model Removal 'KEY[0]'
Slack : 2.004
TNS   : 0.000

Type  : Slow 1200mV 85C Model Removal 'KEY[1]'
Slack : 2.146
TNS   : 0.000

Type  : Slow 1200mV 85C Model Minimum Pulse Width 'CLOCK_50'
Slack : -3.000
TNS   : -185.470

Type  : Slow 1200mV 85C Model Minimum Pulse Width 'KEY[0]'
Slack : -3.000
TNS   : -4.285

Type  : Slow 1200mV 85C Model Minimum Pulse Width 'KEY[1]'
Slack : -3.000
TNS   : -4.285

Type  : Slow 1200mV 85C Model Minimum Pulse Width 'SW[14]'
Slack : -3.000
TNS   : -4.285

Type  : Slow 1200mV 85C Model Minimum Pulse Width 'Cpu:Cpu|CpuNoUc:CPUnoUC|PC:Pc|registrador:PC|output[0]'
Slack : -0.100
TNS   : -1.554

Type  : Slow 1200mV 0C Model Setup 'CLOCK_50'
Slack : -17.759
TNS   : -914.589

Type  : Slow 1200mV 0C Model Setup 'Cpu:Cpu|CpuNoUc:CPUnoUC|PC:Pc|registrador:PC|output[0]'
Slack : -11.470
TNS   : -88.796

Type  : Slow 1200mV 0C Model Hold 'Cpu:Cpu|CpuNoUc:CPUnoUC|PC:Pc|registrador:PC|output[0]'
Slack : 0.110
TNS   : 0.000

Type  : Slow 1200mV 0C Model Hold 'CLOCK_50'
Slack : 0.357
TNS   : 0.000

Type  : Slow 1200mV 0C Model Recovery 'KEY[1]'
Slack : -7.004
TNS   : -7.004

Type  : Slow 1200mV 0C Model Recovery 'KEY[0]'
Slack : -6.816
TNS   : -6.816

Type  : Slow 1200mV 0C Model Recovery 'SW[14]'
Slack : -6.081
TNS   : -6.081

Type  : Slow 1200mV 0C Model Removal 'SW[14]'
Slack : 0.782
TNS   : 0.000

Type  : Slow 1200mV 0C Model Removal 'KEY[0]'
Slack : 1.794
TNS   : 0.000

Type  : Slow 1200mV 0C Model Removal 'KEY[1]'
Slack : 1.967
TNS   : 0.000

Type  : Slow 1200mV 0C Model Minimum Pulse Width 'CLOCK_50'
Slack : -3.000
TNS   : -185.470

Type  : Slow 1200mV 0C Model Minimum Pulse Width 'KEY[0]'
Slack : -3.000
TNS   : -4.285

Type  : Slow 1200mV 0C Model Minimum Pulse Width 'KEY[1]'
Slack : -3.000
TNS   : -4.285

Type  : Slow 1200mV 0C Model Minimum Pulse Width 'SW[14]'
Slack : -3.000
TNS   : -4.285

Type  : Slow 1200mV 0C Model Minimum Pulse Width 'Cpu:Cpu|CpuNoUc:CPUnoUC|PC:Pc|registrador:PC|output[0]'
Slack : -0.072
TNS   : -1.041

Type  : Fast 1200mV 0C Model Setup 'CLOCK_50'
Slack : -9.134
TNS   : -445.601

Type  : Fast 1200mV 0C Model Setup 'Cpu:Cpu|CpuNoUc:CPUnoUC|PC:Pc|registrador:PC|output[0]'
Slack : -6.670
TNS   : -50.770

Type  : Fast 1200mV 0C Model Hold 'Cpu:Cpu|CpuNoUc:CPUnoUC|PC:Pc|registrador:PC|output[0]'
Slack : -0.078
TNS   : -0.078

Type  : Fast 1200mV 0C Model Hold 'CLOCK_50'
Slack : 0.185
TNS   : 0.000

Type  : Fast 1200mV 0C Model Recovery 'SW[14]'
Slack : -3.481
TNS   : -3.481

Type  : Fast 1200mV 0C Model Recovery 'KEY[1]'
Slack : -3.441
TNS   : -3.441

Type  : Fast 1200mV 0C Model Recovery 'KEY[0]'
Slack : -3.360
TNS   : -3.360

Type  : Fast 1200mV 0C Model Removal 'KEY[1]'
Slack : 0.486
TNS   : 0.000

Type  : Fast 1200mV 0C Model Removal 'KEY[0]'
Slack : 0.515
TNS   : 0.000

Type  : Fast 1200mV 0C Model Removal 'SW[14]'
Slack : 0.543
TNS   : 0.000

Type  : Fast 1200mV 0C Model Minimum Pulse Width 'CLOCK_50'
Slack : -3.000
TNS   : -154.508

Type  : Fast 1200mV 0C Model Minimum Pulse Width 'SW[14]'
Slack : -3.000
TNS   : -5.079

Type  : Fast 1200mV 0C Model Minimum Pulse Width 'KEY[1]'
Slack : -3.000
TNS   : -4.379

Type  : Fast 1200mV 0C Model Minimum Pulse Width 'KEY[0]'
Slack : -3.000
TNS   : -4.279

Type  : Fast 1200mV 0C Model Minimum Pulse Width 'Cpu:Cpu|CpuNoUc:CPUnoUC|PC:Pc|registrador:PC|output[0]'
Slack : 0.063
TNS   : 0.000

------------------------------------------------------------
